\BOOKMARK [0][-]{chapter.1}{\376\377\000C\000o\000m\000m\000e\000n\000t\000\040\000u\000t\000i\000l\000i\000s\000e\000r\000\040\000c\000e\000t\000t\000e\000\040\000f\000i\000c\000h\000e}{}% 1
\BOOKMARK [1][-]{section.1.1}{\376\377\000P\000\351\000r\000i\000m\000\350\000t\000r\000e}{chapter.1}% 2
\BOOKMARK [1][-]{section.1.2}{\376\377\000T\000r\000o\000i\000s\000\040\000q\000u\000e\000s\000t\000i\000o\000n\000s\000\040\000\340\000\040\000p\000o\000s\000e\000r\000\040\000p\000o\000u\000r\000\040\000c\000h\000a\000q\000u\000e\000\040\000f\000i\000c\000h\000i\000e\000r}{chapter.1}% 3
\BOOKMARK [0][-]{chapter.2}{\376\377\000V\000u\000e\000\040\000d\040\031\000e\000n\000s\000e\000m\000b\000l\000e\000\040\000d\000e\000\040\000l\040\031\000a\000r\000c\000h\000i\000t\000e\000c\000t\000u\000r\000e}{}% 4
\BOOKMARK [1][-]{section.2.1}{\376\377\000A\000r\000c\000h\000i\000t\000e\000c\000t\000u\000r\000e\000\040\000d\040\031\000e\000x\000\351\000c\000u\000t\000i\000o\000n}{chapter.2}% 5
\BOOKMARK [1][-]{section.2.2}{\376\377\000R\000\350\000g\000l\000e\000\040\000d\040\031\000i\000s\000o\000l\000a\000t\000i\000o\000n\000\040\000m\000u\000l\000t\000i\000-\000t\000e\000n\000a\000n\000t}{chapter.2}% 6
\BOOKMARK [0][-]{chapter.3}{\376\377\000F\000l\000u\000x\000\040\000f\000o\000n\000c\000t\000i\000o\000n\000n\000e\000l\000s\000\040\000\340\000\040\000c\000o\000n\000n\000a\000\356\000t\000r\000e}{}% 7
\BOOKMARK [1][-]{section.3.1}{\376\377\000C\000o\000n\000n\000e\000x\000i\000o\000n\000\040\000e\000t\000\040\000a\000u\000t\000o\000r\000i\000s\000a\000t\000i\000o\000n}{chapter.3}% 8
\BOOKMARK [1][-]{section.3.2}{\376\377\000I\000m\000p\000o\000r\000t\000\040\000e\000t\000\040\000t\000r\000a\000i\000t\000e\000m\000e\000n\000t\000\040\000d\040\031\000u\000n\000\040\000d\000o\000c\000u\000m\000e\000n\000t}{chapter.3}% 9
\BOOKMARK [1][-]{section.3.3}{\376\377\000F\000a\000c\000t\000u\000r\000e\000\040\000v\000e\000r\000s\000\040\000p\000r\000\351\000-\000\351\000c\000r\000i\000t\000u\000r\000e\000\040\000e\000t\000\040\000l\000i\000g\000n\000e\000s\000\040\000c\000o\000m\000p\000t\000a\000b\000l\000e\000s}{chapter.3}% 10
\BOOKMARK [1][-]{section.3.4}{\376\377\000R\000a\000p\000p\000r\000o\000c\000h\000e\000m\000e\000n\000t\000\040\000b\000a\000n\000c\000a\000i\000r\000e}{chapter.3}% 11
\BOOKMARK [1][-]{section.3.5}{\376\377\000D\000u\000\040\000f\000r\000o\000n\000t\000e\000n\000d\000\040\000\340\000\040\000l\040\031\000\351\000c\000r\000a\000n}{chapter.3}% 12
\BOOKMARK [0][-]{chapter.4}{\376\377\000B\000a\000c\000k\000e\000n\000d\000\040\000:\000\040\000r\000\364\000l\000e\000\040\000d\000e\000\040\000c\000h\000a\000q\000u\000e\000\040\000f\000i\000c\000h\000i\000e\000r}{}% 13
\BOOKMARK [1][-]{section.4.1}{\376\377\000P\000o\000i\000n\000t\000\040\000d\040\031\000e\000n\000t\000r\000\351\000e\000\040\000e\000t\000\040\000c\001\123\000u\000r\000\040\000t\000e\000c\000h\000n\000i\000q\000u\000e}{chapter.4}% 14
\BOOKMARK [1][-]{section.4.2}{\376\377\000M\000o\000d\000\350\000l\000e\000s\000\040\000S\000Q\000L\000A\000l\000c\000h\000e\000m\000y}{chapter.4}% 15
\BOOKMARK [1][-]{section.4.3}{\376\377\000S\000c\000h\000\351\000m\000a\000s\000\040\000P\000y\000d\000a\000n\000t\000i\000c}{chapter.4}% 16
\BOOKMARK [1][-]{section.4.4}{\376\377\000R\000o\000u\000t\000e\000s\000\040\000F\000a\000s\000t\000A\000P\000I}{chapter.4}% 17
\BOOKMARK [1][-]{section.4.5}{\376\377\000S\000e\000r\000v\000i\000c\000e\000s\000\040\000m\000\351\000t\000i\000e\000r}{chapter.4}% 18
\BOOKMARK [2][-]{subsection.4.5.1}{\376\377\000S\000e\000r\000v\000i\000c\000e\000s\000\040\000d\000o\000c\000u\000m\000e\000n\000t\000a\000i\000r\000e\000s\000,\000\040\000O\000C\000R\000\040\000e\000t\000\040\000I\000A}{section.4.5}% 19
\BOOKMARK [2][-]{subsection.4.5.2}{\376\377\000S\000e\000r\000v\000i\000c\000e\000s\000\040\000c\000o\000m\000p\000t\000a\000b\000l\000e\000s}{section.4.5}% 20
\BOOKMARK [2][-]{subsection.4.5.3}{\376\377\000S\000e\000r\000v\000i\000c\000e\000s\000\040\000b\000a\000n\000q\000u\000e\000,\000\040\000d\000e\000v\000i\000s\000e\000s\000\040\000e\000t\000\040\000o\000r\000g\000a\000n\000i\000s\000a\000t\000i\000o\000n}{section.4.5}% 21
\BOOKMARK [1][-]{section.4.6}{\376\377\000T\000\342\000c\000h\000e\000s\000,\000\040\000u\000t\000i\000l\000i\000t\000a\000i\000r\000e\000s\000\040\000e\000t\000\040\000s\000c\000r\000i\000p\000t\000s}{chapter.4}% 22
\BOOKMARK [1][-]{section.4.7}{\376\377\000A\000l\000e\000m\000b\000i\000c\000\040\000e\000t\000\040\000\351\000v\000o\000l\000u\000t\000i\000o\000n\000\040\000d\000e\000\040\000l\000a\000\040\000b\000a\000s\000e}{chapter.4}% 23
\BOOKMARK [1][-]{section.4.8}{\376\377\000T\000e\000s\000t\000s\000\040\000b\000a\000c\000k\000e\000n\000d}{chapter.4}% 24
\BOOKMARK [0][-]{chapter.5}{\376\377\000F\000r\000o\000n\000t\000e\000n\000d\000\040\000:\000\040\000r\000\364\000l\000e\000\040\000d\000e\000\040\000c\000h\000a\000q\000u\000e\000\040\000f\000i\000c\000h\000i\000e\000r}{}% 25
\BOOKMARK [1][-]{section.5.1}{\376\377\000E\000n\000t\000r\000\351\000e\000,\000\040\000c\000o\000n\000t\000e\000x\000t\000e\000\040\000e\000t\000\040\000c\000o\000m\000p\000o\000s\000a\000n\000t\000s}{chapter.5}% 26
\BOOKMARK [1][-]{section.5.2}{\376\377\000C\000l\000i\000e\000n\000t\000\040\000H\000T\000T\000P\000\040\000e\000t\000\040\000m\000o\000d\000u\000l\000e\000s\000\040\000A\000P\000I}{chapter.5}% 27
\BOOKMARK [1][-]{section.5.3}{\376\377\000T\000y\000p\000e\000s\000\040\000T\000y\000p\000e\000S\000c\000r\000i\000p\000t}{chapter.5}% 28
\BOOKMARK [1][-]{section.5.4}{\376\377\000P\000a\000g\000e\000s\000\040\000R\000e\000a\000c\000t}{chapter.5}% 29
\BOOKMARK [1][-]{section.5.5}{\376\377\000U\000t\000i\000l\000i\000t\000a\000i\000r\000e\000s\000,\000\040\000s\000t\000y\000l\000e\000s\000\040\000e\000t\000\040\000r\000e\000s\000s\000o\000u\000r\000c\000e\000s}{chapter.5}% 30
\BOOKMARK [0][-]{chapter.6}{\376\377\000C\000o\000n\000f\000i\000g\000u\000r\000a\000t\000i\000o\000n\000,\000\040\000d\000\351\000p\000l\000o\000i\000e\000m\000e\000n\000t\000\040\000e\000t\000\040\000d\000o\000c\000u\000m\000e\000n\000t\000a\000t\000i\000o\000n}{}% 31
\BOOKMARK [0][-]{chapter.7}{\376\377\000C\000a\000r\000t\000e\000\040\000d\000e\000\040\000d\000\351\000p\000e\000n\000d\000a\000n\000c\000e\000s\000\040\000p\000o\000u\000r\000\040\000r\000\351\000v\000i\000s\000e\000r\000\040\000r\000a\000p\000i\000d\000e\000m\000e\000n\000t}{}% 32
\BOOKMARK [1][-]{section.7.1}{\376\377\000Q\000u\000e\000s\000t\000i\000o\000n\000s\000\040\000d\000e\000\040\000s\000o\000u\000t\000e\000n\000a\000n\000c\000e\000\040\000e\000t\000\040\000r\000\351\000p\000o\000n\000s\000e\000s\000\040\000c\000o\000u\000r\000t\000e\000s}{chapter.7}% 33
\BOOKMARK [1][-]{section.7.2}{\376\377\000O\000r\000d\000r\000e\000\040\000c\000o\000n\000s\000e\000i\000l\000l\000\351\000\040\000p\000o\000u\000r\000\040\000r\000e\000l\000i\000r\000e\000\040\000l\000e\000\040\000c\000o\000d\000e}{chapter.7}% 34
