\BOOKMARK [0][-]{chapter*.1}{\376\377\000R\000e\000m\000e\000r\000c\000i\000e\000m\000e\000n\000t\000s}{}% 1
\BOOKMARK [0][-]{chapter*.2}{\376\377\000R\000\351\000s\000u\000m\000\351}{}% 2
\BOOKMARK [0][-]{chapter*.3}{\376\377\000A\000b\000s\000t\000r\000a\000c\000t}{}% 3
\BOOKMARK [0][-]{chapter*.7}{\376\377\000L\000i\000s\000t\000e\000\040\000d\000e\000s\000\040\000a\000b\000r\000\351\000v\000i\000a\000t\000i\000o\000n\000s}{}% 4
\BOOKMARK [0][-]{chapter.1}{\376\377\000I\000n\000t\000r\000o\000d\000u\000c\000t\000i\000o\000n\000\040\000g\000\351\000n\000\351\000r\000a\000l\000e}{}% 5
\BOOKMARK [1][-]{section.1.1}{\376\377\000C\000o\000n\000t\000e\000x\000t\000e}{chapter.1}% 6
\BOOKMARK [1][-]{section.1.2}{\376\377\000P\000r\000o\000b\000l\000\351\000m\000a\000t\000i\000q\000u\000e}{chapter.1}% 7
\BOOKMARK [1][-]{section.1.3}{\376\377\000O\000b\000j\000e\000c\000t\000i\000f\000s}{chapter.1}% 8
\BOOKMARK [1][-]{section.1.4}{\376\377\000M\000\351\000t\000h\000o\000d\000e\000\040\000s\000u\000i\000v\000i\000e}{chapter.1}% 9
\BOOKMARK [1][-]{section.1.5}{\376\377\000D\000\351\000r\000o\000u\000l\000e\000m\000e\000n\000t\000\040\000d\000u\000\040\000s\000t\000a\000g\000e}{chapter.1}% 10
\BOOKMARK [1][-]{section.1.6}{\376\377\000O\000r\000g\000a\000n\000i\000s\000a\000t\000i\000o\000n\000\040\000d\000u\000\040\000r\000a\000p\000p\000o\000r\000t}{chapter.1}% 11
\BOOKMARK [0][-]{chapter.2}{\376\377\000P\000r\000\351\000s\000e\000n\000t\000a\000t\000i\000o\000n\000\040\000d\000e\000\040\000l\000'\000e\000n\000t\000r\000e\000p\000r\000i\000s\000e\000\040\000d\000'\000a\000c\000c\000u\000e\000i\000l}{}% 12
\BOOKMARK [1][-]{section.2.1}{\376\377\000F\000i\000c\000h\000e\000\040\000d\000'\000i\000d\000e\000n\000t\000i\000t\000\351}{chapter.2}% 13
\BOOKMARK [1][-]{section.2.2}{\376\377\000A\000c\000t\000i\000v\000i\000t\000\351\000s}{chapter.2}% 14
\BOOKMARK [1][-]{section.2.3}{\376\377\000O\000r\000g\000a\000n\000i\000s\000a\000t\000i\000o\000n\000\040\000e\000t\000\040\000s\000e\000r\000v\000i\000c\000e\000s}{chapter.2}% 15
\BOOKMARK [1][-]{section.2.4}{\376\377\000O\000r\000g\000a\000n\000i\000g\000r\000a\000m\000m\000e}{chapter.2}% 16
\BOOKMARK [1][-]{section.2.5}{\376\377\000T\000e\000c\000h\000n\000o\000l\000o\000g\000i\000e\000s\000\040\000u\000t\000i\000l\000i\000s\000\351\000e\000s\000\040\000p\000a\000r\000\040\000l\000'\000e\000n\000t\000r\000e\000p\000r\000i\000s\000e}{chapter.2}% 17
\BOOKMARK [0][-]{chapter.3}{\376\377\000C\000o\000n\000t\000e\000x\000t\000e\000\040\000d\000u\000\040\000p\000r\000o\000j\000e\000t\000\040\000C\000o\000m\000p\000t\000a\000F\000l\000o\000w}{}% 18
\BOOKMARK [1][-]{section.3.1}{\376\377\000P\000r\000o\000b\000l\000\350\000m\000e\000\040\000m\000\351\000t\000i\000e\000r}{chapter.3}% 19
\BOOKMARK [1][-]{section.3.2}{\376\377\000S\000o\000l\000u\000t\000i\000o\000n\000s\000\040\000d\000\351\000j\000\340\000\040\000u\000t\000i\000l\000i\000s\000\351\000e\000s\000\040\000e\000t\000\040\000l\000i\000m\000i\000t\000e\000s}{chapter.3}% 20
\BOOKMARK [1][-]{section.3.3}{\376\377\000P\000r\000\351\000s\000e\000n\000t\000a\000t\000i\000o\000n\000\040\000d\000e\000\040\000C\000o\000m\000p\000t\000a\000F\000l\000o\000w}{chapter.3}% 21
\BOOKMARK [1][-]{section.3.4}{\376\377\000O\000b\000j\000e\000c\000t\000i\000f\000s\000\040\000s\000p\000\351\000c\000i\000f\000i\000q\000u\000e\000s}{chapter.3}% 22
\BOOKMARK [1][-]{section.3.5}{\376\377\000P\000\351\000r\000i\000m\000\350\000t\000r\000e\000\040\000e\000t\000\040\000l\000i\000m\000i\000t\000e\000s\000\040\000d\000u\000\040\000p\000r\000o\000j\000e\000t}{chapter.3}% 23
\BOOKMARK [0][-]{chapter.4}{\376\377\000\311\000t\000a\000t\000\040\000d\000e\000\040\000l\000'\000a\000r\000t\000\040\000e\000t\000\040\000p\000o\000s\000i\000t\000i\000o\000n\000n\000e\000m\000e\000n\000t\000\040\000d\000e\000\040\000C\000o\000m\000p\000t\000a\000F\000l\000o\000w}{}% 24
\BOOKMARK [1][-]{section.4.1}{\376\377\000G\000e\000s\000t\000i\000o\000n\000\040\000\351\000l\000e\000c\000t\000r\000o\000n\000i\000q\000u\000e\000\040\000d\000e\000s\000\040\000d\000o\000c\000u\000m\000e\000n\000t\000s}{chapter.4}% 25
\BOOKMARK [1][-]{section.4.2}{\376\377\000P\000r\000\351\000-\000c\000o\000m\000p\000t\000a\000b\000i\000l\000i\000t\000\351\000\040\000a\000s\000s\000i\000s\000t\000\351\000e}{chapter.4}% 26
\BOOKMARK [1][-]{section.4.3}{\376\377\000O\000C\000R\000,\000\040\000r\000\350\000g\000l\000e\000s\000\040\000m\000\351\000t\000i\000e\000r\000\040\000e\000t\000\040\000i\000n\000t\000e\000l\000l\000i\000g\000e\000n\000c\000e\000\040\000a\000r\000t\000i\000f\000i\000c\000i\000e\000l\000l\000e}{chapter.4}% 27
\BOOKMARK [1][-]{section.4.4}{\376\377\000P\000o\000s\000i\000t\000i\000o\000n\000n\000e\000m\000e\000n\000t\000\040\000d\000e\000\040\000C\000o\000m\000p\000t\000a\000F\000l\000o\000w}{chapter.4}% 28
\BOOKMARK [2][-]{subsection.4.4.1}{\376\377\000J\000u\000s\000t\000i\000f\000i\000c\000a\000t\000i\000o\000n\000\040\000s\000y\000n\000t\000h\000\351\000t\000i\000q\000u\000e\000\040\000d\000e\000s\000\040\000c\000h\000o\000i\000x\000\040\000t\000e\000c\000h\000n\000i\000q\000u\000e\000s}{section.4.4}% 29
\BOOKMARK [0][-]{chapter.5}{\376\377\000A\000n\000a\000l\000y\000s\000e\000\040\000d\000e\000s\000\040\000b\000e\000s\000o\000i\000n\000s}{}% 30
\BOOKMARK [1][-]{section.5.1}{\376\377\000A\000c\000t\000e\000u\000r\000s}{chapter.5}% 31
\BOOKMARK [1][-]{section.5.2}{\376\377\000B\000e\000s\000o\000i\000n\000s\000\040\000f\000o\000n\000c\000t\000i\000o\000n\000n\000e\000l\000s}{chapter.5}% 32
\BOOKMARK [1][-]{section.5.3}{\376\377\000B\000e\000s\000o\000i\000n\000s\000\040\000n\000o\000n\000\040\000f\000o\000n\000c\000t\000i\000o\000n\000n\000e\000l\000s}{chapter.5}% 33
\BOOKMARK [1][-]{section.5.4}{\376\377\000D\000i\000a\000g\000r\000a\000m\000m\000e\000\040\000d\000e\000\040\000c\000a\000s\000\040\000d\000'\000u\000t\000i\000l\000i\000s\000a\000t\000i\000o\000n}{chapter.5}% 34
\BOOKMARK [0][-]{chapter.6}{\376\377\000C\000o\000n\000c\000e\000p\000t\000i\000o\000n\000\040\000d\000u\000\040\000s\000y\000s\000t\000\350\000m\000e}{}% 35
\BOOKMARK [1][-]{section.6.1}{\376\377\000C\000o\000n\000c\000e\000p\000t\000i\000o\000n\000\040\000f\000o\000n\000c\000t\000i\000o\000n\000n\000e\000l\000l\000e}{chapter.6}% 36
\BOOKMARK [2][-]{subsection.6.1.1}{\376\377\000S\000c\000\351\000n\000a\000r\000i\000o\000\040\000n\000o\000m\000i\000n\000a\000l\000\040\000d\000'\000u\000n\000e\000\040\000f\000a\000c\000t\000u\000r\000e}{section.6.1}% 37
\BOOKMARK [2][-]{subsection.6.1.2}{\376\377\000D\000i\000a\000g\000r\000a\000m\000m\000e\000\040\000d\000'\000a\000c\000t\000i\000v\000i\000t\000\351}{section.6.1}% 38
\BOOKMARK [2][-]{subsection.6.1.3}{\376\377\000D\000i\000a\000g\000r\000a\000m\000m\000e\000\040\000d\000e\000\040\000s\000\351\000q\000u\000e\000n\000c\000e\000\040\000d\000u\000\040\000t\000r\000a\000i\000t\000e\000m\000e\000n\000t\000\040\000d\000'\000u\000n\000e\000\040\000p\000i\000\350\000c\000e}{section.6.1}% 39
\BOOKMARK [2][-]{subsection.6.1.4}{\376\377\000R\000\350\000g\000l\000e\000s\000\040\000f\000o\000n\000c\000t\000i\000o\000n\000n\000e\000l\000l\000e\000s\000\040\000c\000r\000i\000t\000i\000q\000u\000e\000s}{section.6.1}% 40
\BOOKMARK [1][-]{section.6.2}{\376\377\000C\000o\000n\000c\000e\000p\000t\000i\000o\000n\000\040\000i\000n\000f\000o\000r\000m\000a\000t\000i\000o\000n\000n\000e\000l\000l\000e}{chapter.6}% 41
\BOOKMARK [2][-]{subsection.6.2.1}{\376\377\000P\000r\000i\000n\000c\000i\000p\000e\000s\000\040\000d\000e\000\040\000m\000o\000d\000\351\000l\000i\000s\000a\000t\000i\000o\000n}{section.6.2}% 42
\BOOKMARK [2][-]{subsection.6.2.2}{\376\377\000M\000o\000d\000\350\000l\000e\000\040\000c\000o\000n\000c\000e\000p\000t\000u\000e\000l\000\040\000d\000e\000\040\000d\000o\000n\000n\000\351\000e\000s\000\040\000M\000e\000r\000i\000s\000e}{section.6.2}% 43
\BOOKMARK [2][-]{subsection.6.2.3}{\376\377\000M\000o\000d\000\350\000l\000e\000\040\000l\000o\000g\000i\000q\000u\000e\000\040\000d\000e\000\040\000d\000o\000n\000n\000\351\000e\000s\000\040\000M\000e\000r\000i\000s\000e}{section.6.2}% 44
\BOOKMARK [2][-]{subsection.6.2.4}{\376\377\000M\000o\000d\000\350\000l\000e\000\040\000p\000h\000y\000s\000i\000q\000u\000e\000\040\000d\000e\000\040\000d\000o\000n\000n\000\351\000e\000s\000\040\000P\000o\000s\000t\000g\000r\000e\000S\000Q\000L}{section.6.2}% 45
\BOOKMARK [2][-]{subsection.6.2.5}{\376\377\000D\000i\000c\000t\000i\000o\000n\000n\000a\000i\000r\000e\000\040\000s\000y\000n\000t\000h\000\351\000t\000i\000q\000u\000e\000\040\000d\000e\000s\000\040\000t\000a\000b\000l\000e\000s}{section.6.2}% 46
\BOOKMARK [1][-]{section.6.3}{\376\377\000C\000o\000n\000c\000e\000p\000t\000i\000o\000n\000\040\000a\000p\000p\000l\000i\000c\000a\000t\000i\000v\000e}{chapter.6}% 47
\BOOKMARK [2][-]{subsection.6.3.1}{\376\377\000A\000r\000c\000h\000i\000t\000e\000c\000t\000u\000r\000e\000\040\000e\000n\000\040\000c\000o\000u\000c\000h\000e\000s}{section.6.3}% 48
\BOOKMARK [2][-]{subsection.6.3.2}{\376\377\000D\000i\000a\000g\000r\000a\000m\000m\000e\000\040\000d\000e\000\040\000c\000o\000m\000p\000o\000s\000a\000n\000t\000s}{section.6.3}% 49
\BOOKMARK [2][-]{subsection.6.3.3}{\376\377\000O\000r\000g\000a\000n\000i\000s\000a\000t\000i\000o\000n\000\040\000d\000u\000\040\000c\000o\000d\000e}{section.6.3}% 50
\BOOKMARK [2][-]{subsection.6.3.4}{\376\377\000S\000\351\000c\000u\000r\000i\000t\000\351\000\040\000e\000t\000\040\000c\000o\000n\000f\000i\000d\000e\000n\000t\000i\000a\000l\000i\000t\000\351}{section.6.3}% 51
\BOOKMARK [0][-]{chapter.7}{\376\377\000R\000\351\000a\000l\000i\000s\000a\000t\000i\000o\000n}{}% 52
\BOOKMARK [1][-]{section.7.1}{\376\377\000T\000e\000c\000h\000n\000o\000l\000o\000g\000i\000e\000s\000\040\000u\000t\000i\000l\000i\000s\000\351\000e\000s}{chapter.7}% 53
\BOOKMARK [1][-]{section.7.2}{\376\377\000A\000r\000c\000h\000i\000t\000e\000c\000t\000u\000r\000e\000\040\000d\000u\000\040\000l\000o\000g\000i\000c\000i\000e\000l}{chapter.7}% 54
\BOOKMARK [1][-]{section.7.3}{\376\377\000P\000i\000p\000e\000l\000i\000n\000e\000\040\000c\000o\000m\000p\000l\000e\000t\000\040\000d\000e\000\040\000t\000r\000a\000i\000t\000e\000m\000e\000n\000t}{chapter.7}% 55
\BOOKMARK [2][-]{subsection.7.3.1}{\376\377\000W\000o\000r\000k\000f\000l\000o\000w\000\040\000p\000r\000\351\000-\000c\000o\000m\000p\000t\000a\000b\000l\000e\000\040\000e\000t\000\040\000p\000a\000s\000s\000a\000g\000e\000\040\000v\000e\000r\000s\000\040\000T\000o\000p\000a\000z\000e}{section.7.3}% 56
\BOOKMARK [2][-]{subsection.7.3.2}{\376\377\000T\000r\000a\000i\000t\000e\000m\000e\000n\000t\000\040\000d\000e\000s\000\040\000f\000a\000c\000t\000u\000r\000e\000s}{section.7.3}% 57
\BOOKMARK [2][-]{subsection.7.3.3}{\376\377\000R\000\351\000s\000o\000l\000u\000t\000i\000o\000n\000\040\000d\000e\000s\000\040\000c\000o\000m\000p\000t\000e\000s}{section.7.3}% 58
\BOOKMARK [2][-]{subsection.7.3.4}{\376\377\000T\000r\000a\000i\000t\000e\000m\000e\000n\000t\000\040\000b\000a\000n\000c\000a\000i\000r\000e}{section.7.3}% 59
\BOOKMARK [2][-]{subsection.7.3.5}{\376\377\000G\000e\000s\000t\000i\000o\000n\000\040\000d\000e\000s\000\040\000d\000e\000v\000i\000s\000e\000s\000\040\000e\000t\000\040\000c\000o\000u\000r\000s\000\040\000B\000A\000M}{section.7.3}% 60
\BOOKMARK [2][-]{subsection.7.3.6}{\376\377\000E\000x\000p\000o\000r\000t\000s\000\040\000e\000t\000\040\000i\000n\000t\000e\000r\000o\000p\000\351\000r\000a\000b\000i\000l\000i\000t\000\351}{section.7.3}% 61
\BOOKMARK [2][-]{subsection.7.3.7}{\376\377\000I\000d\000e\000m\000p\000o\000t\000e\000n\000c\000e\000\040\000e\000t\000\040\000r\000e\000p\000r\000i\000s\000e\000\040\000d\000e\000s\000\040\000t\000r\000a\000i\000t\000e\000m\000e\000n\000t\000s}{section.7.3}% 62
\BOOKMARK [0][-]{chapter.8}{\376\377\000F\000o\000n\000c\000t\000i\000o\000n\000n\000a\000l\000i\000t\000\351\000s\000\040\000p\000r\000i\000n\000c\000i\000p\000a\000l\000e\000s\000\040\000r\000\351\000a\000l\000i\000s\000\351\000e\000s}{}% 63
\BOOKMARK [1][-]{section.8.1}{\376\377\000A\000u\000t\000h\000e\000n\000t\000i\000f\000i\000c\000a\000t\000i\000o\000n\000\040\000e\000t\000\040\000c\000h\000o\000i\000x\000\040\000d\000u\000\040\000p\000a\000r\000c\000o\000u\000r\000s}{chapter.8}% 64
\BOOKMARK [1][-]{section.8.2}{\376\377\000E\000s\000p\000a\000c\000e\000\040\000e\000n\000t\000r\000e\000p\000r\000i\000s\000e\000\040\000e\000t\000\040\000t\000a\000b\000l\000e\000a\000u\000\040\000d\000e\000\040\000b\000o\000r\000d}{chapter.8}% 65
\BOOKMARK [1][-]{section.8.3}{\376\377\000I\000m\000p\000o\000r\000t\000\040\000e\000t\000\040\000s\000u\000i\000v\000i\000\040\000d\000o\000c\000u\000m\000e\000n\000t\000a\000i\000r\000e}{chapter.8}% 66
\BOOKMARK [1][-]{section.8.4}{\376\377\000C\000o\000n\000t\000r\000\364\000l\000e\000\040\000d\000\351\000t\000a\000i\000l\000l\000\351\000\040\000e\000t\000\040\000v\000a\000l\000i\000d\000a\000t\000i\000o\000n}{chapter.8}% 67
\BOOKMARK [1][-]{section.8.5}{\376\377\000P\000l\000a\000n\000\040\000c\000o\000m\000p\000t\000a\000b\000l\000e\000\040\000e\000t\000\040\000c\000o\000m\000p\000t\000e\000s\000\040\000b\000a\000n\000c\000a\000i\000r\000e\000s}{chapter.8}% 68
\BOOKMARK [1][-]{section.8.6}{\376\377\000G\000e\000s\000t\000i\000o\000n\000\040\000b\000a\000n\000c\000a\000i\000r\000e\000\040\000e\000t\000\040\000r\000a\000p\000p\000r\000o\000c\000h\000e\000m\000e\000n\000t\000s}{chapter.8}% 69
\BOOKMARK [1][-]{section.8.7}{\376\377\000S\000u\000i\000v\000i\000\040\000o\000p\000\351\000r\000a\000t\000i\000o\000n\000n\000e\000l}{chapter.8}% 70
\BOOKMARK [1][-]{section.8.8}{\376\377\000\311\000t\000a\000t\000s\000\040\000e\000t\000\040\000c\000o\000n\000t\000r\000\364\000l\000e\000s\000\040\000c\000o\000m\000p\000t\000a\000b\000l\000e\000s}{chapter.8}% 71
\BOOKMARK [2][-]{subsection.8.8.1}{\376\377\000T\000V\000A\000\040\000c\000o\000m\000p\000t\000a\000b\000l\000e\000\040\000e\000t\000\040\000p\000r\000\351\000p\000a\000r\000a\000t\000i\000o\000n\000\040\000T\000o\000p\000a\000z\000e}{section.8.8}% 72
\BOOKMARK [2][-]{subsection.8.8.2}{\376\377\000C\000o\000n\000t\000r\000\364\000l\000e\000s\000\040\000d\000e\000\040\000p\000r\000\351\000-\000c\000l\000\364\000t\000u\000r\000e}{section.8.8}% 73
\BOOKMARK [1][-]{section.8.9}{\376\377\000A\000s\000s\000i\000s\000t\000a\000n\000t\000\040\000s\000\351\000c\000u\000r\000i\000s\000\351\000\040\000e\000t\000\040\000j\000o\000u\000r\000n\000a\000l\000\040\000d\000'\000a\000u\000d\000i\000t}{chapter.8}% 74
\BOOKMARK [1][-]{section.8.10}{\376\377\000C\000o\000n\000t\000r\000i\000b\000u\000t\000i\000o\000n\000\040\000p\000e\000r\000s\000o\000n\000n\000e\000l\000l\000e}{chapter.8}% 75
\BOOKMARK [0][-]{chapter.9}{\376\377\000T\000e\000s\000t\000s\000\040\000e\000t\000\040\000v\000a\000l\000i\000d\000a\000t\000i\000o\000n}{}% 76
\BOOKMARK [1][-]{section.9.1}{\376\377\000S\000t\000r\000a\000t\000\351\000g\000i\000e\000\040\000d\000e\000\040\000v\000a\000l\000i\000d\000a\000t\000i\000o\000n}{chapter.9}% 77
\BOOKMARK [1][-]{section.9.2}{\376\377\000C\000o\000u\000v\000e\000r\000t\000u\000r\000e\000\040\000f\000o\000n\000c\000t\000i\000o\000n\000n\000e\000l\000l\000e\000\040\000d\000e\000s\000\040\000t\000e\000s\000t\000s\000\040\000a\000u\000t\000o\000m\000a\000t\000i\000s\000\351\000s}{chapter.9}% 78
\BOOKMARK [1][-]{section.9.3}{\376\377\000R\000\351\000s\000u\000l\000t\000a\000t\000s\000\040\000o\000b\000t\000e\000n\000u\000s}{chapter.9}% 79
\BOOKMARK [1][-]{section.9.4}{\376\377\000E\000x\000e\000m\000p\000l\000e\000s\000\040\000d\000e\000\040\000s\000c\000\351\000n\000a\000r\000i\000o\000s\000\040\000d\000e\000\040\000r\000e\000c\000e\000t\000t\000e}{chapter.9}% 80
\BOOKMARK [1][-]{section.9.5}{\376\377\000C\000o\000n\000t\000r\000\364\000l\000e\000s\000\040\000d\000e\000\040\000s\000\351\000c\000u\000r\000i\000t\000\351\000\040\000c\000o\000m\000p\000l\000\351\000m\000e\000n\000t\000a\000i\000r\000e\000s}{chapter.9}% 81
\BOOKMARK [1][-]{section.9.6}{\376\377\000T\000r\000a\000\347\000a\000b\000i\000l\000i\000t\000\351\000\040\000d\000e\000s\000\040\000b\000e\000s\000o\000i\000n\000s\000\040\000f\000o\000n\000c\000t\000i\000o\000n\000n\000e\000l\000s}{chapter.9}% 82
\BOOKMARK [1][-]{section.9.7}{\376\377\000P\000r\000o\000b\000l\000\350\000m\000e\000s\000\040\000r\000e\000n\000c\000o\000n\000t\000r\000\351\000s\000\040\000e\000t\000\040\000c\000o\000r\000r\000e\000c\000t\000i\000o\000n\000s}{chapter.9}% 83
\BOOKMARK [2][-]{subsection.9.7.1}{\376\377\000C\000o\000n\000t\000r\000a\000i\000n\000t\000e\000s\000\040\000d\000e\000\040\000r\000e\000s\000s\000o\000u\000r\000c\000e\000s\000\040\000p\000o\000u\000r\000\040\000l\000e\000s\000\040\000t\000r\000a\000i\000t\000e\000m\000e\000n\000t\000s\000\040\000O\000C\000R\000\040\000e\000t\000\040\000I\000A}{section.9.7}% 84
\BOOKMARK [0][-]{chapter.10}{\376\377\000C\000o\000n\000c\000l\000u\000s\000i\000o\000n\000\040\000g\000\351\000n\000\351\000r\000a\000l\000e}{}% 85
\BOOKMARK [1][-]{section.10.1}{\376\377\000B\000i\000l\000a\000n}{chapter.10}% 86
\BOOKMARK [1][-]{section.10.2}{\376\377\000C\000o\000m\000p\000\351\000t\000e\000n\000c\000e\000s\000\040\000a\000c\000q\000u\000i\000s\000e\000s}{chapter.10}% 87
\BOOKMARK [1][-]{section.10.3}{\376\377\000P\000e\000r\000s\000p\000e\000c\000t\000i\000v\000e\000s}{chapter.10}% 88
\BOOKMARK [2][-]{subsection.10.3.1}{\376\377\000C\000o\000n\000d\000i\000t\000i\000o\000n\000s\000\040\000p\000r\000\351\000a\000l\000a\000b\000l\000e\000s\000\040\000\340\000\040\000u\000n\000e\000\040\000m\000i\000s\000e\000\040\000e\000n\000\040\000p\000r\000o\000d\000u\000c\000t\000i\000o\000n}{section.10.3}% 89
\BOOKMARK [0][-]{chapter*.50}{\376\377\000R\000\351\000f\000\351\000r\000e\000n\000c\000e\000s}{}% 90
\BOOKMARK [0][-]{appendix.A}{\376\377\000A\000r\000b\000o\000r\000e\000s\000c\000e\000n\000c\000e\000\040\000t\000e\000c\000h\000n\000i\000q\000u\000e}{}% 91
\BOOKMARK [0][-]{appendix.B}{\376\377\000C\000o\000m\000m\000a\000n\000d\000e\000s\000\040\000d\000e\000\040\000v\000a\000l\000i\000d\000a\000t\000i\000o\000n}{}% 92
